Nothing to build in platform 'PWM_Car_XSA'

14:18:58 **** Incremental Build of configuration Release for project PWM_Car_App ****
make all 
C:/Xilinx/Vitis/2024.1/gnuwin/bin/make --no-print-directory pre-build
a9-linaro-pre-build-step
' '
C:/Xilinx/Vitis/2024.1/gnuwin/bin/make --no-print-directory main-build
'Building file: ../src/helloworld.c'
'Invoking: ARM v7 gcc compiler'
arm-none-eabi-gcc -Wall -O2 -c -fmessage-length=0 -MT"src/helloworld.o" -mcpu=cortex-a9 -mfpu=vfpv3 -mfloat-abi=hard -IC:/DevWorks/Robot_Car_PYNQ/Vitis/PWM_Car_XSA/export/PWM_Car_XSA/sw/PWM_Car_XSA/standalone_ps7_cortexa9_0/bspinclude/include -MMD -MP -MF"src/helloworld.d" -MT"src/helloworld.o" -o "src/helloworld.o" "../src/helloworld.c"
In file included from ../src/helloworld.c:2:
../src/Functions.h: In function 'MPU_Read':
../src/Functions.h:212:13: warning: variable 'Status' set but not used [-Wunused-but-set-variable]
  212 |         int Status;
      |             ^~~~~~
'Finished building: ../src/helloworld.c'
' '
'Building target: PWM_Car_App.elf'
'Invoking: ARM v7 gcc linker'
arm-none-eabi-gcc -mcpu=cortex-a9 -mfpu=vfpv3 -mfloat-abi=hard -Wl,-build-id=none -specs=Xilinx.spec -Wl,-T -Wl,../src/lscript.ld -LC:/DevWorks/Robot_Car_PYNQ/Vitis/PWM_Car_XSA/export/PWM_Car_XSA/sw/PWM_Car_XSA/standalone_ps7_cortexa9_0/bsplib/lib -o "PWM_Car_App.elf"  ./src/helloworld.o ./src/platform.o   -Wl,--start-group,-lxil,-lgcc,-lc,--end-group
'Finished building target: PWM_Car_App.elf'
' '
'Invoking: ARM v7 Print Size'
arm-none-eabi-size PWM_Car_App.elf  |tee "PWM_Car_App.elf.size"
   text	   data	    bss	    dec	    hex	filename
  66303	   2688	  23008	  91999	  1675f	PWM_Car_App.elf
'Finished building: PWM_Car_App.elf.size'
' '
14:18:59 **** Incremental Build of configuration Release for project PWM_Car_App_system ****
make all 
Generating bif file for the system project
generate_system_bif.bat 49962 C:/DevWorks/Robot_Car_PYNQ/Vitis/PWM_Car_XSA/export/PWM_Car_XSA/PWM_Car_XSA.xpfm standalone_ps7_cortexa9_0 C:/DevWorks/Robot_Car_PYNQ/Vitis/PWM_Car_App_system/Release/system.bif
'\gnu\microblaze\lin\bin\' is not recognized as an internal or external command,
operable program or batch file.
'\gnu\microblaze\nt\bin\' is not recognized as an internal or external command,
operable program or batch file.
'\gnuwin\bin\' is not recognized as an internal or external command,
operable program or batch file.
sdcard_gen --xpfm C:/DevWorks/Robot_Car_PYNQ/Vitis/PWM_Car_XSA/export/PWM_Car_XSA/PWM_Car_XSA.xpfm --sys_config PWM_Car_XSA --bif C:/DevWorks/Robot_Car_PYNQ/Vitis/PWM_Car_App_system/Release/system.bif --bitstream C:/DevWorks/Robot_Car_PYNQ/Vitis/PWM_Car_App/_ide/bitstream/Robot_Car_XSA.bit --elf C:/DevWorks/Robot_Car_PYNQ/Vitis/PWM_Car_App/Release/PWM_Car_App.elf,ps7_cortexa9_0
creating BOOT.BIN using C:/DevWorks/Robot_Car_PYNQ/Vitis/PWM_Car_App/_ide/bitstream/Robot_Car_XSA.bit
Running C:/Xilinx/Vitis/2024.1/bin/bootgen  -image C:/DevWorks/Robot_Car_PYNQ/Vitis/PWM_Car_App_system/Release/sd_card_temp/boot.bif -w -o i BOOT.BIN
